// Jest Snapshot v1, https://goo.gl/fbAQLP

exports[`<AdminLayout/> should match snapshot 1`] = `
<div
  className="AdminLayout__Layout-sc-1mt2f2w-0 fwmAWL"
  data-test="admin-layout"
>
  <AdminLayout__Sidebar>
    <StyledComponent
      forwardedComponent={
        Object {
          "$$typeof": Symbol(react.forward_ref),
          "attrs": Array [],
          "componentStyle": ComponentStyle {
            "componentId": "AdminLayout__Sidebar-sc-1mt2f2w-1",
            "isStatic": false,
            "lastClassName": "jmHxvD",
            "rules": Array [
              "grid-column-start:1;grid-column-end:1;ul{margin:0;padding:0;}li{list-style-type:none;margin:0 0 2rem 0;font-size:1.2rem;a{color:",
              [Function],
              ";}}li.active a{font-weight:bold;color:",
              [Function],
              ";}@media all and (max-width:800px){display:none;}",
            ],
          },
          "displayName": "AdminLayout__Sidebar",
          "foldedComponentIds": Array [],
          "render": [Function],
          "styledComponentId": "AdminLayout__Sidebar-sc-1mt2f2w-1",
          "target": "div",
          "toString": [Function],
          "usesTheme": true,
          "warnTooManyClasses": [Function],
          "withComponent": [Function],
        }
      }
      forwardedRef={null}
    >
      <div
        className="AdminLayout__Sidebar-sc-1mt2f2w-1 jmHxvD"
      >
        <ul>
          <li
            className=""
          >
            <Link
              href="/admin/invitation-codes"
            >
              <a
                className="gray"
                href="/admin/invitation-codes"
                onClick={[Function]}
                onMouseEnter={[Function]}
              >
                Manage Invitation Codes
              </a>
            </Link>
          </li>
          <li
            className=""
          >
            <Link
              href="/admin/users"
            >
              <a
                className="orange"
                href="/admin/users"
                onClick={[Function]}
                onMouseEnter={[Function]}
              >
                Manage Family Members
              </a>
            </Link>
          </li>
          <li
            className=""
          >
            <Link
              href="/admin/categories"
            >
              <a
                className="green"
                href="/admin/categories"
                onClick={[Function]}
                onMouseEnter={[Function]}
              >
                Manage Categories
              </a>
            </Link>
          </li>
          <li
            className=""
          >
            <Link
              href="/admin/meats"
            >
              <a
                className="blue"
                href="/admin/meats"
                onClick={[Function]}
                onMouseEnter={[Function]}
              >
                Manage Meats
              </a>
            </Link>
          </li>
          <li
            className=""
          >
            <Link
              href="/admin/recipes"
            >
              <a
                className="purple"
                href="/admin/recipes"
                onClick={[Function]}
                onMouseEnter={[Function]}
              >
                Manage Recipes
              </a>
            </Link>
          </li>
        </ul>
      </div>
    </StyledComponent>
  </AdminLayout__Sidebar>
  <AdminLayout__Main>
    <StyledComponent
      forwardedComponent={
        Object {
          "$$typeof": Symbol(react.forward_ref),
          "attrs": Array [],
          "componentStyle": ComponentStyle {
            "componentId": "AdminLayout__Main-sc-1mt2f2w-2",
            "isStatic": false,
            "lastClassName": "kwdPCQ",
            "rules": Array [
              "grid-column-start:2;grid-column-end:2;",
            ],
          },
          "displayName": "AdminLayout__Main",
          "foldedComponentIds": Array [],
          "render": [Function],
          "styledComponentId": "AdminLayout__Main-sc-1mt2f2w-2",
          "target": "div",
          "toString": [Function],
          "usesTheme": false,
          "warnTooManyClasses": [Function],
          "withComponent": [Function],
        }
      }
      forwardedRef={null}
    >
      <div
        className="AdminLayout__Main-sc-1mt2f2w-2 kwdPCQ"
      >
        <MobileAlertBox
          message="This is best viewed in landscape mode"
        >
          <MobileAlertBox__AlertBox
            id="mobile_alert_box"
          >
            <StyledComponent
              forwardedComponent={
                Object {
                  "$$typeof": Symbol(react.forward_ref),
                  "attrs": Array [],
                  "componentStyle": ComponentStyle {
                    "componentId": "MobileAlertBox__AlertBox-sc-18higoe-0",
                    "isStatic": false,
                    "lastClassName": "dcfKCe",
                    "rules": Array [
                      "display:none;background:hsl(0,0%,22%);color:hsl(100,100%,100%);position:absolute;bottom:0px;left:0;font-size:1rem;width:100%;padding:12px 8px;.close{position:absolute;top:5px;right:10px;a{color:hsl(100,100%,100%);}a:hover{text-decoration:none;}}@media all and (max-width:500px){display:block;}",
                    ],
                  },
                  "displayName": "MobileAlertBox__AlertBox",
                  "foldedComponentIds": Array [],
                  "render": [Function],
                  "styledComponentId": "MobileAlertBox__AlertBox-sc-18higoe-0",
                  "target": "div",
                  "toString": [Function],
                  "usesTheme": false,
                  "warnTooManyClasses": [Function],
                  "withComponent": [Function],
                }
              }
              forwardedRef={null}
              id="mobile_alert_box"
            >
              <div
                className="MobileAlertBox__AlertBox-sc-18higoe-0 dcfKCe"
                id="mobile_alert_box"
              >
                This is best viewed in landscape mode
                <div
                  className="close"
                >
                  <a
                    onClick={[Function]}
                    onKeyDown={[Function]}
                    role="button"
                    tabIndex="0"
                  >
                    x
                  </a>
                </div>
              </div>
            </StyledComponent>
          </MobileAlertBox__AlertBox>
        </MobileAlertBox>
        <div />
      </div>
    </StyledComponent>
  </AdminLayout__Main>
</div>
`;
