// Jest Snapshot v1, https://goo.gl/fbAQLP

exports[`<AddInvitationCode/> should match snapshot 1`] = `
<form
  className="Form-sc-1jw7vbt-0 jSygZL"
  data-test="form"
  id="create-invitation-code-form"
  onSubmit={[Function]}
>
  <ErrorMessage
    error={null}
  />
  <fieldset
    aria-busy={false}
    disabled={false}
  >
    <ApolloConsumer>
      <label
        htmlFor="code"
      >
        Code
        <input
          id="add-invitation-code-code"
          maxLength="20"
          name="code"
          onChange={[Function]}
          type="text"
        />
        <div
          className="error-text"
          id="add-invitation-code-code-message"
        />
      </label>
    </ApolloConsumer>
    <button
      type="submit"
    >
      Sav
      e
    </button>
    <button
      onClick={[Function]}
      type="button"
    >
      Cancel
    </button>
  </fieldset>
</form>
`;
