// Jest Snapshot v1, https://goo.gl/fbAQLP

exports[`<AdminHeader/> should match snapshot 1`] = `
<div
  className="AdminHeader__PageHeader-sc-1ikj811-0 ilNOFJ"
  id="admin-header"
>
  <div
    className="title"
  >
    <h1>
      Testing Admin Header
    </h1>
  </div>
  <div
    className="add-button"
  />
</div>
`;
